// Jest Snapshot v1, https://goo.gl/fbAQLP

exports[`Index should render successfully 1`] = `
<body>
  <div>
    <h1>
      AoE
    </h1>
    <ul>
      <li>
        <a
          href="/civ/aztecs"
        >
          Aztecs
        </a>
      </li>
      <li>
        <a
          href="/civ/bengalis"
        >
          Bengalis
        </a>
      </li>
      <li>
        <a
          href="/civ/berbers"
        >
          Berbers
        </a>
      </li>
      <li>
        <a
          href="/civ/bohemians"
        >
          Bohemians
        </a>
      </li>
      <li>
        <a
          href="/civ/britons"
        >
          Britons
        </a>
      </li>
      <li>
        <a
          href="/civ/bulgarians"
        >
          Bulgarians
        </a>
      </li>
      <li>
        <a
          href="/civ/burgundians"
        >
          Burgundians
        </a>
      </li>
      <li>
        <a
          href="/civ/burmese"
        >
          Burmese
        </a>
      </li>
      <li>
        <a
          href="/civ/byzantines"
        >
          Byzantines
        </a>
      </li>
      <li>
        <a
          href="/civ/celts"
        >
          Celts
        </a>
      </li>
      <li>
        <a
          href="/civ/chinese"
        >
          Chinese
        </a>
      </li>
      <li>
        <a
          href="/civ/cumans"
        >
          Cumans
        </a>
      </li>
      <li>
        <a
          href="/civ/dravidians"
        >
          Dravidians
        </a>
      </li>
      <li>
        <a
          href="/civ/ethiopians"
        >
          Ethiopians
        </a>
      </li>
      <li>
        <a
          href="/civ/franks"
        >
          Franks
        </a>
      </li>
      <li>
        <a
          href="/civ/goths"
        >
          Goths
        </a>
      </li>
      <li>
        <a
          href="/civ/gurjaras"
        >
          Gurjaras
        </a>
      </li>
      <li>
        <a
          href="/civ/hindustanis"
        >
          Hindustanis
        </a>
      </li>
      <li>
        <a
          href="/civ/huns"
        >
          Huns
        </a>
      </li>
      <li>
        <a
          href="/civ/incas"
        >
          Incas
        </a>
      </li>
      <li>
        <a
          href="/civ/italians"
        >
          Italians
        </a>
      </li>
      <li>
        <a
          href="/civ/japanese"
        >
          Japanese
        </a>
      </li>
      <li>
        <a
          href="/civ/khmer"
        >
          Khmer
        </a>
      </li>
      <li>
        <a
          href="/civ/koreans"
        >
          Koreans
        </a>
      </li>
      <li>
        <a
          href="/civ/lithuanians"
        >
          Lithuanians
        </a>
      </li>
      <li>
        <a
          href="/civ/magyars"
        >
          Magyars
        </a>
      </li>
      <li>
        <a
          href="/civ/malay"
        >
          Malay
        </a>
      </li>
      <li>
        <a
          href="/civ/malians"
        >
          Malians
        </a>
      </li>
      <li>
        <a
          href="/civ/mayans"
        >
          Mayans
        </a>
      </li>
      <li>
        <a
          href="/civ/mongols"
        >
          Mongols
        </a>
      </li>
      <li>
        <a
          href="/civ/persians"
        >
          Persians
        </a>
      </li>
      <li>
        <a
          href="/civ/poles"
        >
          Poles
        </a>
      </li>
      <li>
        <a
          href="/civ/portugese"
        >
          Portugese
        </a>
      </li>
      <li>
        <a
          href="/civ/saracens"
        >
          Saracens
        </a>
      </li>
      <li>
        <a
          href="/civ/sicilians"
        >
          Sicilians
        </a>
      </li>
      <li>
        <a
          href="/civ/slavs"
        >
          Slavs
        </a>
      </li>
      <li>
        <a
          href="/civ/spanish"
        >
          Spanish
        </a>
      </li>
      <li>
        <a
          href="/civ/tatars"
        >
          Tatars
        </a>
      </li>
      <li>
        <a
          href="/civ/teutons"
        >
          Teutons
        </a>
      </li>
      <li>
        <a
          href="/civ/turks"
        >
          Turks
        </a>
      </li>
      <li>
        <a
          href="/civ/vietnamese"
        >
          Vietnamese
        </a>
      </li>
      <li>
        <a
          href="/civ/vikings"
        >
          Vikings
        </a>
      </li>
    </ul>
  </div>
</body>
`;
