// Jest Snapshot v1, https://goo.gl/fbAQLP

exports[`Civilisation should render successfully 1`] = `
<body>
  <div>
    <a
      href="/"
    >
      Home
    </a>
    <h1>
      Civilisation: 
      Aztecs
    </h1>
    <p>
      {"id":"aztecs"}
    </p>
    <button>
      Ban
    </button>
  </div>
</body>
`;
