// Jest Snapshot v1, https://goo.gl/fbAQLP

exports[`Header should render successfully 1`] = `
<body>
  <div>
    <header
      class="container"
    >
      <a
        class="title"
        href="/"
      >
        Example
      </a>
      <a
        href="/about-me"
      >
        About Me
      </a>
    </header>
  </div>
</body>
`;
